<?xml version="1.0" encoding="utf-8"?>
<TestRun id="2fc7d6ea-15d2-4384-871c-8c30a30b5564" name="patbe@WIN-Q3H015K0TEJ 2026-08-17 00:30:20" runUser="WIN-Q3H015K0TEJ\patbe" xmlns="http://microsoft.com/schemas/VisualStudio/TeamTest/2010">
  <Times creation="2026-08-17T00:30:20.2119567+02:00" queuing="2026-08-17T00:30:20.2119568+02:00" start="2026-08-17T00:30:19.8320439+02:00" finish="2026-08-17T00:30:20.5320149+02:00" />
  <TestSettings name="default" id="62dbe721-4179-41df-abb3-24d01fc6fb17">
    <Deployment runDeploymentRoot="patbe_WIN-Q3H015K0TEJ_2026-08-17_00_30_20" />
  </TestSettings>
  <Results>
    <UnitTestResult executionId="49633fb7-423d-4fde-a454-1d487b085ca5" testId="a5555112-3f64-a840-e068-8a6fda97a964" testName="RagnaController.Tests.SmartCursorServiceTests.SmartCursorService_Constructor_Works" computerName="WIN-Q3H015K0TEJ" duration="00:00:00.0033545" startTime="2026-08-17T00:30:20.1667643+02:00" endTime="2026-08-17T00:30:20.1667644+02:00" testType="13cdc9d9-ddb5-4fa4-a97d-d965ccfc6d4b" outcome="Passed" testListId="8c84fa94-04c1-424b-9868-57a2d4851a1d" relativeResultsDirectory="49633fb7-423d-4fde-a454-1d487b085ca5" />
    <UnitTestResult executionId="c50f09e8-1b16-4921-8f4a-d7660f179654" testId="1fbe8e26-8199-7c25-3427-263ef61a1fb6" testName="RagnaController.Tests.InputCommandQueueTests.Enqueue_And_FlushBatch_Works" computerName="WIN-Q3H015K0TEJ" duration="00:00:00.0517197" startTime="2026-08-17T00:30:20.2820231+02:00" endTime="2026-08-17T00:30:20.2820238+02:00" testType="13cdc9d9-ddb5-4fa4-a97d-d965ccfc6d4b" outcome="Passed" testListId="8c84fa94-04c1-424b-9868-57a2d4851a1d" relativeResultsDirectory="c50f09e8-1b16-4921-8f4a-d7660f179654" />
    <UnitTestResult executionId="57ea0482-6978-4ee9-97ee-7df434cba75f" testId="6bb64a6b-0d42-6edb-89a5-9b9d044eec7b" testName="RagnaController.Tests.ParsedInputTests.With_CreatesNewInstanceWithUpdatedValues" computerName="WIN-Q3H015K0TEJ" duration="00:00:00.0001704" startTime="2026-08-17T00:30:20.1869038+02:00" endTime="2026-08-17T00:30:20.1869038+02:00" testType="13cdc9d9-ddb5-4fa4-a97d-d965ccfc6d4b" outcome="Passed" testListId="8c84fa94-04c1-424b-9868-57a2d4851a1d" relativeResultsDirectory="57ea0482-6978-4ee9-97ee-7df434cba75f" />
    <UnitTestResult executionId="803d262a-19f7-4304-91e2-d16636b221d2" testId="0e84cc1b-138a-4eeb-7879-410e974f2c04" testName="RagnaController.Tests.ParsedInputTests.With_PreservesUnchangedFields" computerName="WIN-Q3H015K0TEJ" duration="00:00:00.0002008" startTime="2026-08-17T00:30:20.1868781+02:00" endTime="2026-08-17T00:30:20.1868782+02:00" testType="13cdc9d9-ddb5-4fa4-a97d-d965ccfc6d4b" outcome="Passed" testListId="8c84fa94-04c1-424b-9868-57a2d4851a1d" relativeResultsDirectory="803d262a-19f7-4304-91e2-d16636b221d2" />
    <UnitTestResult executionId="79fd4e82-1d3c-498b-aca8-68bc86cf1675" testId="58c8c703-8e04-f6a4-4ae8-2f16c5fcc6bb" testName="RagnaController.Tests.ParsedInputTests.JustPressed_DetectsNewButtonPress" computerName="WIN-Q3H015K0TEJ" duration="00:00:00.0001299" startTime="2026-08-17T00:30:20.1841718+02:00" endTime="2026-08-17T00:30:20.1841719+02:00" testType="13cdc9d9-ddb5-4fa4-a97d-d965ccfc6d4b" outcome="Passed" testListId="8c84fa94-04c1-424b-9868-57a2d4851a1d" relativeResultsDirectory="79fd4e82-1d3c-498b-aca8-68bc86cf1675" />
    <UnitTestResult executionId="3fe17836-bbdf-45c4-8b2c-192e1d5c0ac0" testId="1eb5d23d-c685-544b-5ede-528ac908404f" testName="RagnaController.Tests.InputCommandQueueTests.CreateWait_ReturnsWaitCommand_WithCorrectMs" computerName="WIN-Q3H015K0TEJ" duration="00:00:00.0030862" startTime="2026-08-17T00:30:20.2851952+02:00" endTime="2026-08-17T00:30:20.2851953+02:00" testType="13cdc9d9-ddb5-4fa4-a97d-d965ccfc6d4b" outcome="Passed" testListId="8c84fa94-04c1-424b-9868-57a2d4851a1d" relativeResultsDirectory="3fe17836-bbdf-45c4-8b2c-192e1d5c0ac0" />
    <UnitTestResult executionId="8714301d-27df-42b1-b955-1db71b91c5a0" testId="f8daf299-5849-ff5c-8b2f-54f6990729e9" testName="RagnaController.Tests.InputCommandQueueTests.MouseAbs_EnqueuesCorrectCommand" computerName="WIN-Q3H015K0TEJ" duration="00:00:00.0694975" startTime="2026-08-17T00:30:20.2301213+02:00" endTime="2026-08-17T00:30:20.2301217+02:00" testType="13cdc9d9-ddb5-4fa4-a97d-d965ccfc6d4b" outcome="Passed" testListId="8c84fa94-04c1-424b-9868-57a2d4851a1d" relativeResultsDirectory="8714301d-27df-42b1-b955-1db71b91c5a0" />
    <UnitTestResult executionId="43ba2e4b-1e71-438b-b422-8ea4f7ba9c69" testId="db739194-2bf8-3428-0382-384bf9b6061d" testName="RagnaController.Tests.SmartCursorServiceTests.ToggleMenuMode_ActivatesAndDeactivates" computerName="WIN-Q3H015K0TEJ" duration="00:00:00.0002106" startTime="2026-08-17T00:30:20.1879262+02:00" endTime="2026-08-17T00:30:20.1879263+02:00" testType="13cdc9d9-ddb5-4fa4-a97d-d965ccfc6d4b" outcome="Passed" testListId="8c84fa94-04c1-424b-9868-57a2d4851a1d" relativeResultsDirectory="43ba2e4b-1e71-438b-b422-8ea4f7ba9c69" />
    <UnitTestResult executionId="20186a22-4357-4d04-8fd0-306604658509" testId="95e76dd5-9964-584f-766a-2bbe7fd2bb2b" testName="RagnaController.Tests.ParsedInputTests.ButtonsPressed_DetectsAnyButton" computerName="WIN-Q3H015K0TEJ" duration="00:00:00.0002602" startTime="2026-08-17T00:30:20.1672789+02:00" endTime="2026-08-17T00:30:20.1672789+02:00" testType="13cdc9d9-ddb5-4fa4-a97d-d965ccfc6d4b" outcome="Passed" testListId="8c84fa94-04c1-424b-9868-57a2d4851a1d" relativeResultsDirectory="20186a22-4357-4d04-8fd0-306604658509" />
    <UnitTestResult executionId="8cce1786-ae1a-4af7-9f24-ff00c1d498bc" testId="25f72f9f-aa10-b1d9-2f99-8a5bc5f0a39e" testName="RagnaController.Tests.SmartCursorServiceTests.Reset_ResetsState" computerName="WIN-Q3H015K0TEJ" duration="00:00:00.0012401" startTime="2026-08-17T00:30:20.1867590+02:00" endTime="2026-08-17T00:30:20.1867591+02:00" testType="13cdc9d9-ddb5-4fa4-a97d-d965ccfc6d4b" outcome="Failed" testListId="8c84fa94-04c1-424b-9868-57a2d4851a1d" relativeResultsDirectory="8cce1786-ae1a-4af7-9f24-ff00c1d498bc">
      <Output>
        <ErrorInfo>
          <Message>Assert.False() Failure&#xD;
Expected: False&#xD;
Actual:   True</Message>
          <StackTrace>   at RagnaController.Tests.SmartCursorServiceTests.Reset_ResetsState() in C:\Hermes\RagnaController\tests\RagnaController.Tests\SmartCursorServiceTests.cs:line 65&#xD;
   at System.RuntimeMethodHandle.InvokeMethod(Object target, Void** arguments, Signature sig, Boolean isConstructor)&#xD;
   at System.Reflection.MethodBaseInvoker.InvokeWithNoArgs(Object obj, BindingFlags invokeAttr)</StackTrace>
        </ErrorInfo>
      </Output>
    </UnitTestResult>
    <UnitTestResult executionId="88beabd0-1774-4caa-a978-d901dd52526d" testId="ece99ffc-c887-cd2c-cc1d-ba77ff46d2e5" testName="RagnaController.Tests.InputCommandQueueTests.KeyDown_KeyUp_EnqueuesCorrectCommands" computerName="WIN-Q3H015K0TEJ" duration="00:00:00.0508071" startTime="2026-08-17T00:30:20.3360644+02:00" endTime="2026-08-17T00:30:20.3360647+02:00" testType="13cdc9d9-ddb5-4fa4-a97d-d965ccfc6d4b" outcome="Passed" testListId="8c84fa94-04c1-424b-9868-57a2d4851a1d" relativeResultsDirectory="88beabd0-1774-4caa-a978-d901dd52526d" />
    <UnitTestResult executionId="133d4a08-90da-4a16-8c0e-1222a0176ea8" testId="d0eba207-1426-f509-25ab-94988e24e602" testName="RagnaController.Tests.ParsedInputTests.ValueEquality_Works" computerName="WIN-Q3H015K0TEJ" duration="00:00:00.0063866" startTime="2026-08-17T00:30:20.1672551+02:00" endTime="2026-08-17T00:30:20.1672552+02:00" testType="13cdc9d9-ddb5-4fa4-a97d-d965ccfc6d4b" outcome="Passed" testListId="8c84fa94-04c1-424b-9868-57a2d4851a1d" relativeResultsDirectory="133d4a08-90da-4a16-8c0e-1222a0176ea8" />
    <UnitTestResult executionId="01de9f4d-edbb-4f9d-a070-34a44bd89b53" testId="a4c9d2be-9211-7055-22ec-774268d45f57" testName="RagnaController.Tests.InputCommandQueueTests.Wait_Command_Uses_Factory_Method" computerName="WIN-Q3H015K0TEJ" duration="00:00:00.1519847" startTime="2026-08-17T00:30:20.4884769+02:00" endTime="2026-08-17T00:30:20.4884779+02:00" testType="13cdc9d9-ddb5-4fa4-a97d-d965ccfc6d4b" outcome="Passed" testListId="8c84fa94-04c1-424b-9868-57a2d4851a1d" relativeResultsDirectory="01de9f4d-edbb-4f9d-a070-34a44bd89b53" />
    <UnitTestResult executionId="edbd16e8-dff4-4c7e-bd49-c1f9dce4ca7d" testId="f58a00e1-23dd-4b78-c483-dc70f1cc9102" testName="RagnaController.Tests.ParsedInputTests.JustReleased_DetectsButtonRelease" computerName="WIN-Q3H015K0TEJ" duration="00:00:00.0002129" startTime="2026-08-17T00:30:20.1841253+02:00" endTime="2026-08-17T00:30:20.1841253+02:00" testType="13cdc9d9-ddb5-4fa4-a97d-d965ccfc6d4b" outcome="Passed" testListId="8c84fa94-04c1-424b-9868-57a2d4851a1d" relativeResultsDirectory="edbd16e8-dff4-4c7e-bd49-c1f9dce4ca7d" />
    <UnitTestResult executionId="14624080-842e-49e2-b272-c6870bd30e98" testId="19e00117-ad01-aa89-7e2d-9e5b0e92f02c" testName="RagnaController.Tests.AutoTargetEngineTests.AutoTargetEngine_Constructor_Works" computerName="WIN-Q3H015K0TEJ" duration="00:00:00.0030109" startTime="2026-08-17T00:30:20.1667698+02:00" endTime="2026-08-17T00:30:20.1667698+02:00" testType="13cdc9d9-ddb5-4fa4-a97d-d965ccfc6d4b" outcome="Passed" testListId="8c84fa94-04c1-424b-9868-57a2d4851a1d" relativeResultsDirectory="14624080-842e-49e2-b272-c6870bd30e98" />
    <UnitTestResult executionId="b617d818-2c75-4044-9e0f-e421d66b215e" testId="f63bdfba-6822-0418-c797-5b8d9c9bc11b" testName="RagnaController.Tests.KiteEngineTests.KiteEngine_Constructor_Works" computerName="WIN-Q3H015K0TEJ" duration="00:00:00.0029392" startTime="2026-08-17T00:30:20.1666310+02:00" endTime="2026-08-17T00:30:20.1666310+02:00" testType="13cdc9d9-ddb5-4fa4-a97d-d965ccfc6d4b" outcome="Passed" testListId="8c84fa94-04c1-424b-9868-57a2d4851a1d" relativeResultsDirectory="b617d818-2c75-4044-9e0f-e421d66b215e" />
    <UnitTestResult executionId="48e29565-d932-4e1c-a0e0-dbf01150806d" testId="b1e55c4c-7310-b2d9-632b-0338c81dc34e" testName="RagnaController.Tests.SmartCursorServiceTests.Tick_WithInput_ReturnsResult" computerName="WIN-Q3H015K0TEJ" duration="00:00:00.0009005" startTime="2026-08-17T00:30:20.1871710+02:00" endTime="2026-08-17T00:30:20.1871711+02:00" testType="13cdc9d9-ddb5-4fa4-a97d-d965ccfc6d4b" outcome="Failed" testListId="8c84fa94-04c1-424b-9868-57a2d4851a1d" relativeResultsDirectory="48e29565-d932-4e1c-a0e0-dbf01150806d">
      <Output>
        <ErrorInfo>
          <Message>System.NullReferenceException : Object reference not set to an instance of an object.</Message>
          <StackTrace>   at RagnaController.Core.InputCommandQueue.Enqueue(InputCmd cmd) in C:\Hermes\RagnaController\src\RagnaController\Core\InputCommandQueue.cs:line 80&#xD;
   at RagnaController.Core.InputCommandQueue.DoubleClick() in C:\Hermes\RagnaController\src\RagnaController\Core\InputCommandQueue.cs:line 101&#xD;
   at RagnaController.Core.SmartCursorService.Tick(ParsedInput input) in C:\Hermes\RagnaController\src\RagnaController\Core\SmartCursorService.cs:line 187&#xD;
   at RagnaController.Tests.SmartCursorServiceTests.Tick_WithInput_ReturnsResult() in C:\Hermes\RagnaController\tests\RagnaController.Tests\SmartCursorServiceTests.cs:line 81&#xD;
   at System.RuntimeMethodHandle.InvokeMethod(Object target, Void** arguments, Signature sig, Boolean isConstructor)&#xD;
   at System.Reflection.MethodBaseInvoker.InvokeWithNoArgs(Object obj, BindingFlags invokeAttr)</StackTrace>
        </ErrorInfo>
      </Output>
    </UnitTestResult>
    <UnitTestResult executionId="487301b9-d56e-43ce-8eb5-38a5535b63ac" testId="699d86af-cb4b-15d1-b4be-f065fd610a81" testName="RagnaController.Tests.ParsedInputTests.Immutability_OriginalUnchangedAfterWith" computerName="WIN-Q3H015K0TEJ" duration="00:00:00.0009217" startTime="2026-08-17T00:30:20.1868556+02:00" endTime="2026-08-17T00:30:20.1868556+02:00" testType="13cdc9d9-ddb5-4fa4-a97d-d965ccfc6d4b" outcome="Passed" testListId="8c84fa94-04c1-424b-9868-57a2d4851a1d" relativeResultsDirectory="487301b9-d56e-43ce-8eb5-38a5535b63ac" />
    <UnitTestResult executionId="5f4ef299-99e3-4e0c-a528-7ac44b134325" testId="964aff80-ab9c-0042-dd70-42a1262717d9" testName="RagnaController.Tests.CombatEngineTests.CombatEngine_Constructor_Works" computerName="WIN-Q3H015K0TEJ" duration="00:00:00.0029852" startTime="2026-08-17T00:30:20.1653336+02:00" endTime="2026-08-17T00:30:20.1653437+02:00" testType="13cdc9d9-ddb5-4fa4-a97d-d965ccfc6d4b" outcome="Passed" testListId="8c84fa94-04c1-424b-9868-57a2d4851a1d" relativeResultsDirectory="5f4ef299-99e3-4e0c-a528-7ac44b134325" />
    <UnitTestResult executionId="54f6a00f-71e8-4ff7-81d0-3b0bef8c6211" testId="26d758ba-de7f-0b76-4fcd-079097942263" testName="RagnaController.Tests.ParsedInputTests.LT_RT_Aliases_Work" computerName="WIN-Q3H015K0TEJ" duration="00:00:00.0014658" startTime="2026-08-17T00:30:20.1840035+02:00" endTime="2026-08-17T00:30:20.1840036+02:00" testType="13cdc9d9-ddb5-4fa4-a97d-d965ccfc6d4b" outcome="Passed" testListId="8c84fa94-04c1-424b-9868-57a2d4851a1d" relativeResultsDirectory="54f6a00f-71e8-4ff7-81d0-3b0bef8c6211" />
    <UnitTestResult executionId="2da84a6b-58aa-438c-8a88-90e8216fbf41" testId="9a96aa6c-132e-6b2b-ce93-d847c7f527d9" testName="RagnaController.Tests.MovementEngineTests.MovementEngine_Constructor_Works" computerName="WIN-Q3H015K0TEJ" duration="00:00:00.0029397" startTime="2026-08-17T00:30:20.1667763+02:00" endTime="2026-08-17T00:30:20.1667764+02:00" testType="13cdc9d9-ddb5-4fa4-a97d-d965ccfc6d4b" outcome="Passed" testListId="8c84fa94-04c1-424b-9868-57a2d4851a1d" relativeResultsDirectory="2da84a6b-58aa-438c-8a88-90e8216fbf41" />
    <UnitTestResult executionId="393fbca2-bc60-4d01-afd2-8b52b165e691" testId="e3a48d95-4d3e-55b6-e25e-abc72cc0ae91" testName="RagnaController.Tests.ParsedInputTests.Disconnected_ReturnsDefaultDisconnectedState" computerName="WIN-Q3H015K0TEJ" duration="00:00:00.0015726" startTime="2026-08-17T00:30:20.1841488+02:00" endTime="2026-08-17T00:30:20.1841488+02:00" testType="13cdc9d9-ddb5-4fa4-a97d-d965ccfc6d4b" outcome="Passed" testListId="8c84fa94-04c1-424b-9868-57a2d4851a1d" relativeResultsDirectory="393fbca2-bc60-4d01-afd2-8b52b165e691" />
  </Results>
  <TestDefinitions>
    <UnitTest name="RagnaController.Tests.SmartCursorServiceTests.Reset_ResetsState" storage="c:\hermes\ragnacontroller\tests\ragnacontroller.tests\bin\debug\net8.0-windows\ragnacontroller.tests.dll" id="25f72f9f-aa10-b1d9-2f99-8a5bc5f0a39e">
      <Execution id="8cce1786-ae1a-4af7-9f24-ff00c1d498bc" />
      <TestMethod codeBase="C:\Hermes\RagnaController\tests\RagnaController.Tests\bin\Debug\net8.0-windows\RagnaController.Tests.dll" adapterTypeName="executor://xunit/VsTestRunner2/netcoreapp" className="RagnaController.Tests.SmartCursorServiceTests" name="Reset_ResetsState" />
    </UnitTest>
    <UnitTest name="RagnaController.Tests.ParsedInputTests.ValueEquality_Works" storage="c:\hermes\ragnacontroller\tests\ragnacontroller.tests\bin\debug\net8.0-windows\ragnacontroller.tests.dll" id="d0eba207-1426-f509-25ab-94988e24e602">
      <Execution id="133d4a08-90da-4a16-8c0e-1222a0176ea8" />
      <TestMethod codeBase="C:\Hermes\RagnaController\tests\RagnaController.Tests\bin\Debug\net8.0-windows\RagnaController.Tests.dll" adapterTypeName="executor://xunit/VsTestRunner2/netcoreapp" className="RagnaController.Tests.ParsedInputTests" name="ValueEquality_Works" />
    </UnitTest>
    <UnitTest name="RagnaController.Tests.ParsedInputTests.JustReleased_DetectsButtonRelease" storage="c:\hermes\ragnacontroller\tests\ragnacontroller.tests\bin\debug\net8.0-windows\ragnacontroller.tests.dll" id="f58a00e1-23dd-4b78-c483-dc70f1cc9102">
      <Execution id="edbd16e8-dff4-4c7e-bd49-c1f9dce4ca7d" />
      <TestMethod codeBase="C:\Hermes\RagnaController\tests\RagnaController.Tests\bin\Debug\net8.0-windows\RagnaController.Tests.dll" adapterTypeName="executor://xunit/VsTestRunner2/netcoreapp" className="RagnaController.Tests.ParsedInputTests" name="JustReleased_DetectsButtonRelease" />
    </UnitTest>
    <UnitTest name="RagnaController.Tests.ParsedInputTests.ButtonsPressed_DetectsAnyButton" storage="c:\hermes\ragnacontroller\tests\ragnacontroller.tests\bin\debug\net8.0-windows\ragnacontroller.tests.dll" id="95e76dd5-9964-584f-766a-2bbe7fd2bb2b">
      <Execution id="20186a22-4357-4d04-8fd0-306604658509" />
      <TestMethod codeBase="C:\Hermes\RagnaController\tests\RagnaController.Tests\bin\Debug\net8.0-windows\RagnaController.Tests.dll" adapterTypeName="executor://xunit/VsTestRunner2/netcoreapp" className="RagnaController.Tests.ParsedInputTests" name="ButtonsPressed_DetectsAnyButton" />
    </UnitTest>
    <UnitTest name="RagnaController.Tests.SmartCursorServiceTests.SmartCursorService_Constructor_Works" storage="c:\hermes\ragnacontroller\tests\ragnacontroller.tests\bin\debug\net8.0-windows\ragnacontroller.tests.dll" id="a5555112-3f64-a840-e068-8a6fda97a964">
      <Execution id="49633fb7-423d-4fde-a454-1d487b085ca5" />
      <TestMethod codeBase="C:\Hermes\RagnaController\tests\RagnaController.Tests\bin\Debug\net8.0-windows\RagnaController.Tests.dll" adapterTypeName="executor://xunit/VsTestRunner2/netcoreapp" className="RagnaController.Tests.SmartCursorServiceTests" name="SmartCursorService_Constructor_Works" />
    </UnitTest>
    <UnitTest name="RagnaController.Tests.ParsedInputTests.With_PreservesUnchangedFields" storage="c:\hermes\ragnacontroller\tests\ragnacontroller.tests\bin\debug\net8.0-windows\ragnacontroller.tests.dll" id="0e84cc1b-138a-4eeb-7879-410e974f2c04">
      <Execution id="803d262a-19f7-4304-91e2-d16636b221d2" />
      <TestMethod codeBase="C:\Hermes\RagnaController\tests\RagnaController.Tests\bin\Debug\net8.0-windows\RagnaController.Tests.dll" adapterTypeName="executor://xunit/VsTestRunner2/netcoreapp" className="RagnaController.Tests.ParsedInputTests" name="With_PreservesUnchangedFields" />
    </UnitTest>
    <UnitTest name="RagnaController.Tests.CombatEngineTests.CombatEngine_Constructor_Works" storage="c:\hermes\ragnacontroller\tests\ragnacontroller.tests\bin\debug\net8.0-windows\ragnacontroller.tests.dll" id="964aff80-ab9c-0042-dd70-42a1262717d9">
      <Execution id="5f4ef299-99e3-4e0c-a528-7ac44b134325" />
      <TestMethod codeBase="C:\Hermes\RagnaController\tests\RagnaController.Tests\bin\Debug\net8.0-windows\RagnaController.Tests.dll" adapterTypeName="executor://xunit/VsTestRunner2/netcoreapp" className="RagnaController.Tests.CombatEngineTests" name="CombatEngine_Constructor_Works" />
    </UnitTest>
    <UnitTest name="RagnaController.Tests.KiteEngineTests.KiteEngine_Constructor_Works" storage="c:\hermes\ragnacontroller\tests\ragnacontroller.tests\bin\debug\net8.0-windows\ragnacontroller.tests.dll" id="f63bdfba-6822-0418-c797-5b8d9c9bc11b">
      <Execution id="b617d818-2c75-4044-9e0f-e421d66b215e" />
      <TestMethod codeBase="C:\Hermes\RagnaController\tests\RagnaController.Tests\bin\Debug\net8.0-windows\RagnaController.Tests.dll" adapterTypeName="executor://xunit/VsTestRunner2/netcoreapp" className="RagnaController.Tests.KiteEngineTests" name="KiteEngine_Constructor_Works" />
    </UnitTest>
    <UnitTest name="RagnaController.Tests.ParsedInputTests.JustPressed_DetectsNewButtonPress" storage="c:\hermes\ragnacontroller\tests\ragnacontroller.tests\bin\debug\net8.0-windows\ragnacontroller.tests.dll" id="58c8c703-8e04-f6a4-4ae8-2f16c5fcc6bb">
      <Execution id="79fd4e82-1d3c-498b-aca8-68bc86cf1675" />
      <TestMethod codeBase="C:\Hermes\RagnaController\tests\RagnaController.Tests\bin\Debug\net8.0-windows\RagnaController.Tests.dll" adapterTypeName="executor://xunit/VsTestRunner2/netcoreapp" className="RagnaController.Tests.ParsedInputTests" name="JustPressed_DetectsNewButtonPress" />
    </UnitTest>
    <UnitTest name="RagnaController.Tests.InputCommandQueueTests.KeyDown_KeyUp_EnqueuesCorrectCommands" storage="c:\hermes\ragnacontroller\tests\ragnacontroller.tests\bin\debug\net8.0-windows\ragnacontroller.tests.dll" id="ece99ffc-c887-cd2c-cc1d-ba77ff46d2e5">
      <Execution id="88beabd0-1774-4caa-a978-d901dd52526d" />
      <TestMethod codeBase="C:\Hermes\RagnaController\tests\RagnaController.Tests\bin\Debug\net8.0-windows\RagnaController.Tests.dll" adapterTypeName="executor://xunit/VsTestRunner2/netcoreapp" className="RagnaController.Tests.InputCommandQueueTests" name="KeyDown_KeyUp_EnqueuesCorrectCommands" />
    </UnitTest>
    <UnitTest name="RagnaController.Tests.AutoTargetEngineTests.AutoTargetEngine_Constructor_Works" storage="c:\hermes\ragnacontroller\tests\ragnacontroller.tests\bin\debug\net8.0-windows\ragnacontroller.tests.dll" id="19e00117-ad01-aa89-7e2d-9e5b0e92f02c">
      <Execution id="14624080-842e-49e2-b272-c6870bd30e98" />
      <TestMethod codeBase="C:\Hermes\RagnaController\tests\RagnaController.Tests\bin\Debug\net8.0-windows\RagnaController.Tests.dll" adapterTypeName="executor://xunit/VsTestRunner2/netcoreapp" className="RagnaController.Tests.AutoTargetEngineTests" name="AutoTargetEngine_Constructor_Works" />
    </UnitTest>
    <UnitTest name="RagnaController.Tests.InputCommandQueueTests.Enqueue_And_FlushBatch_Works" storage="c:\hermes\ragnacontroller\tests\ragnacontroller.tests\bin\debug\net8.0-windows\ragnacontroller.tests.dll" id="1fbe8e26-8199-7c25-3427-263ef61a1fb6">
      <Execution id="c50f09e8-1b16-4921-8f4a-d7660f179654" />
      <TestMethod codeBase="C:\Hermes\RagnaController\tests\RagnaController.Tests\bin\Debug\net8.0-windows\RagnaController.Tests.dll" adapterTypeName="executor://xunit/VsTestRunner2/netcoreapp" className="RagnaController.Tests.InputCommandQueueTests" name="Enqueue_And_FlushBatch_Works" />
    </UnitTest>
    <UnitTest name="RagnaController.Tests.ParsedInputTests.Disconnected_ReturnsDefaultDisconnectedState" storage="c:\hermes\ragnacontroller\tests\ragnacontroller.tests\bin\debug\net8.0-windows\ragnacontroller.tests.dll" id="e3a48d95-4d3e-55b6-e25e-abc72cc0ae91">
      <Execution id="393fbca2-bc60-4d01-afd2-8b52b165e691" />
      <TestMethod codeBase="C:\Hermes\RagnaController\tests\RagnaController.Tests\bin\Debug\net8.0-windows\RagnaController.Tests.dll" adapterTypeName="executor://xunit/VsTestRunner2/netcoreapp" className="RagnaController.Tests.ParsedInputTests" name="Disconnected_ReturnsDefaultDisconnectedState" />
    </UnitTest>
    <UnitTest name="RagnaController.Tests.MovementEngineTests.MovementEngine_Constructor_Works" storage="c:\hermes\ragnacontroller\tests\ragnacontroller.tests\bin\debug\net8.0-windows\ragnacontroller.tests.dll" id="9a96aa6c-132e-6b2b-ce93-d847c7f527d9">
      <Execution id="2da84a6b-58aa-438c-8a88-90e8216fbf41" />
      <TestMethod codeBase="C:\Hermes\RagnaController\tests\RagnaController.Tests\bin\Debug\net8.0-windows\RagnaController.Tests.dll" adapterTypeName="executor://xunit/VsTestRunner2/netcoreapp" className="RagnaController.Tests.MovementEngineTests" name="MovementEngine_Constructor_Works" />
    </UnitTest>
    <UnitTest name="RagnaController.Tests.SmartCursorServiceTests.ToggleMenuMode_ActivatesAndDeactivates" storage="c:\hermes\ragnacontroller\tests\ragnacontroller.tests\bin\debug\net8.0-windows\ragnacontroller.tests.dll" id="db739194-2bf8-3428-0382-384bf9b6061d">
      <Execution id="43ba2e4b-1e71-438b-b422-8ea4f7ba9c69" />
      <TestMethod codeBase="C:\Hermes\RagnaController\tests\RagnaController.Tests\bin\Debug\net8.0-windows\RagnaController.Tests.dll" adapterTypeName="executor://xunit/VsTestRunner2/netcoreapp" className="RagnaController.Tests.SmartCursorServiceTests" name="ToggleMenuMode_ActivatesAndDeactivates" />
    </UnitTest>
    <UnitTest name="RagnaController.Tests.ParsedInputTests.Immutability_OriginalUnchangedAfterWith" storage="c:\hermes\ragnacontroller\tests\ragnacontroller.tests\bin\debug\net8.0-windows\ragnacontroller.tests.dll" id="699d86af-cb4b-15d1-b4be-f065fd610a81">
      <Execution id="487301b9-d56e-43ce-8eb5-38a5535b63ac" />
      <TestMethod codeBase="C:\Hermes\RagnaController\tests\RagnaController.Tests\bin\Debug\net8.0-windows\RagnaController.Tests.dll" adapterTypeName="executor://xunit/VsTestRunner2/netcoreapp" className="RagnaController.Tests.ParsedInputTests" name="Immutability_OriginalUnchangedAfterWith" />
    </UnitTest>
    <UnitTest name="RagnaController.Tests.InputCommandQueueTests.Wait_Command_Uses_Factory_Method" storage="c:\hermes\ragnacontroller\tests\ragnacontroller.tests\bin\debug\net8.0-windows\ragnacontroller.tests.dll" id="a4c9d2be-9211-7055-22ec-774268d45f57">
      <Execution id="01de9f4d-edbb-4f9d-a070-34a44bd89b53" />
      <TestMethod codeBase="C:\Hermes\RagnaController\tests\RagnaController.Tests\bin\Debug\net8.0-windows\RagnaController.Tests.dll" adapterTypeName="executor://xunit/VsTestRunner2/netcoreapp" className="RagnaController.Tests.InputCommandQueueTests" name="Wait_Command_Uses_Factory_Method" />
    </UnitTest>
    <UnitTest name="RagnaController.Tests.InputCommandQueueTests.CreateWait_ReturnsWaitCommand_WithCorrectMs" storage="c:\hermes\ragnacontroller\tests\ragnacontroller.tests\bin\debug\net8.0-windows\ragnacontroller.tests.dll" id="1eb5d23d-c685-544b-5ede-528ac908404f">
      <Execution id="3fe17836-bbdf-45c4-8b2c-192e1d5c0ac0" />
      <TestMethod codeBase="C:\Hermes\RagnaController\tests\RagnaController.Tests\bin\Debug\net8.0-windows\RagnaController.Tests.dll" adapterTypeName="executor://xunit/VsTestRunner2/netcoreapp" className="RagnaController.Tests.InputCommandQueueTests" name="CreateWait_ReturnsWaitCommand_WithCorrectMs" />
    </UnitTest>
    <UnitTest name="RagnaController.Tests.ParsedInputTests.LT_RT_Aliases_Work" storage="c:\hermes\ragnacontroller\tests\ragnacontroller.tests\bin\debug\net8.0-windows\ragnacontroller.tests.dll" id="26d758ba-de7f-0b76-4fcd-079097942263">
      <Execution id="54f6a00f-71e8-4ff7-81d0-3b0bef8c6211" />
      <TestMethod codeBase="C:\Hermes\RagnaController\tests\RagnaController.Tests\bin\Debug\net8.0-windows\RagnaController.Tests.dll" adapterTypeName="executor://xunit/VsTestRunner2/netcoreapp" className="RagnaController.Tests.ParsedInputTests" name="LT_RT_Aliases_Work" />
    </UnitTest>
    <UnitTest name="RagnaController.Tests.ParsedInputTests.With_CreatesNewInstanceWithUpdatedValues" storage="c:\hermes\ragnacontroller\tests\ragnacontroller.tests\bin\debug\net8.0-windows\ragnacontroller.tests.dll" id="6bb64a6b-0d42-6edb-89a5-9b9d044eec7b">
      <Execution id="57ea0482-6978-4ee9-97ee-7df434cba75f" />
      <TestMethod codeBase="C:\Hermes\RagnaController\tests\RagnaController.Tests\bin\Debug\net8.0-windows\RagnaController.Tests.dll" adapterTypeName="executor://xunit/VsTestRunner2/netcoreapp" className="RagnaController.Tests.ParsedInputTests" name="With_CreatesNewInstanceWithUpdatedValues" />
    </UnitTest>
    <UnitTest name="RagnaController.Tests.InputCommandQueueTests.MouseAbs_EnqueuesCorrectCommand" storage="c:\hermes\ragnacontroller\tests\ragnacontroller.tests\bin\debug\net8.0-windows\ragnacontroller.tests.dll" id="f8daf299-5849-ff5c-8b2f-54f6990729e9">
      <Execution id="8714301d-27df-42b1-b955-1db71b91c5a0" />
      <TestMethod codeBase="C:\Hermes\RagnaController\tests\RagnaController.Tests\bin\Debug\net8.0-windows\RagnaController.Tests.dll" adapterTypeName="executor://xunit/VsTestRunner2/netcoreapp" className="RagnaController.Tests.InputCommandQueueTests" name="MouseAbs_EnqueuesCorrectCommand" />
    </UnitTest>
    <UnitTest name="RagnaController.Tests.SmartCursorServiceTests.Tick_WithInput_ReturnsResult" storage="c:\hermes\ragnacontroller\tests\ragnacontroller.tests\bin\debug\net8.0-windows\ragnacontroller.tests.dll" id="b1e55c4c-7310-b2d9-632b-0338c81dc34e">
      <Execution id="48e29565-d932-4e1c-a0e0-dbf01150806d" />
      <TestMethod codeBase="C:\Hermes\RagnaController\tests\RagnaController.Tests\bin\Debug\net8.0-windows\RagnaController.Tests.dll" adapterTypeName="executor://xunit/VsTestRunner2/netcoreapp" className="RagnaController.Tests.SmartCursorServiceTests" name="Tick_WithInput_ReturnsResult" />
    </UnitTest>
  </TestDefinitions>
  <TestEntries>
    <TestEntry testId="a5555112-3f64-a840-e068-8a6fda97a964" executionId="49633fb7-423d-4fde-a454-1d487b085ca5" testListId="8c84fa94-04c1-424b-9868-57a2d4851a1d" />
    <TestEntry testId="1fbe8e26-8199-7c25-3427-263ef61a1fb6" executionId="c50f09e8-1b16-4921-8f4a-d7660f179654" testListId="8c84fa94-04c1-424b-9868-57a2d4851a1d" />
    <TestEntry testId="6bb64a6b-0d42-6edb-89a5-9b9d044eec7b" executionId="57ea0482-6978-4ee9-97ee-7df434cba75f" testListId="8c84fa94-04c1-424b-9868-57a2d4851a1d" />
    <TestEntry testId="0e84cc1b-138a-4eeb-7879-410e974f2c04" executionId="803d262a-19f7-4304-91e2-d16636b221d2" testListId="8c84fa94-04c1-424b-9868-57a2d4851a1d" />
    <TestEntry testId="58c8c703-8e04-f6a4-4ae8-2f16c5fcc6bb" executionId="79fd4e82-1d3c-498b-aca8-68bc86cf1675" testListId="8c84fa94-04c1-424b-9868-57a2d4851a1d" />
    <TestEntry testId="1eb5d23d-c685-544b-5ede-528ac908404f" executionId="3fe17836-bbdf-45c4-8b2c-192e1d5c0ac0" testListId="8c84fa94-04c1-424b-9868-57a2d4851a1d" />
    <TestEntry testId="f8daf299-5849-ff5c-8b2f-54f6990729e9" executionId="8714301d-27df-42b1-b955-1db71b91c5a0" testListId="8c84fa94-04c1-424b-9868-57a2d4851a1d" />
    <TestEntry testId="db739194-2bf8-3428-0382-384bf9b6061d" executionId="43ba2e4b-1e71-438b-b422-8ea4f7ba9c69" testListId="8c84fa94-04c1-424b-9868-57a2d4851a1d" />
    <TestEntry testId="95e76dd5-9964-584f-766a-2bbe7fd2bb2b" executionId="20186a22-4357-4d04-8fd0-306604658509" testListId="8c84fa94-04c1-424b-9868-57a2d4851a1d" />
    <TestEntry testId="25f72f9f-aa10-b1d9-2f99-8a5bc5f0a39e" executionId="8cce1786-ae1a-4af7-9f24-ff00c1d498bc" testListId="8c84fa94-04c1-424b-9868-57a2d4851a1d" />
    <TestEntry testId="ece99ffc-c887-cd2c-cc1d-ba77ff46d2e5" executionId="88beabd0-1774-4caa-a978-d901dd52526d" testListId="8c84fa94-04c1-424b-9868-57a2d4851a1d" />
    <TestEntry testId="d0eba207-1426-f509-25ab-94988e24e602" executionId="133d4a08-90da-4a16-8c0e-1222a0176ea8" testListId="8c84fa94-04c1-424b-9868-57a2d4851a1d" />
    <TestEntry testId="a4c9d2be-9211-7055-22ec-774268d45f57" executionId="01de9f4d-edbb-4f9d-a070-34a44bd89b53" testListId="8c84fa94-04c1-424b-9868-57a2d4851a1d" />
    <TestEntry testId="f58a00e1-23dd-4b78-c483-dc70f1cc9102" executionId="edbd16e8-dff4-4c7e-bd49-c1f9dce4ca7d" testListId="8c84fa94-04c1-424b-9868-57a2d4851a1d" />
    <TestEntry testId="19e00117-ad01-aa89-7e2d-9e5b0e92f02c" executionId="14624080-842e-49e2-b272-c6870bd30e98" testListId="8c84fa94-04c1-424b-9868-57a2d4851a1d" />
    <TestEntry testId="f63bdfba-6822-0418-c797-5b8d9c9bc11b" executionId="b617d818-2c75-4044-9e0f-e421d66b215e" testListId="8c84fa94-04c1-424b-9868-57a2d4851a1d" />
    <TestEntry testId="b1e55c4c-7310-b2d9-632b-0338c81dc34e" executionId="48e29565-d932-4e1c-a0e0-dbf01150806d" testListId="8c84fa94-04c1-424b-9868-57a2d4851a1d" />
    <TestEntry testId="699d86af-cb4b-15d1-b4be-f065fd610a81" executionId="487301b9-d56e-43ce-8eb5-38a5535b63ac" testListId="8c84fa94-04c1-424b-9868-57a2d4851a1d" />
    <TestEntry testId="964aff80-ab9c-0042-dd70-42a1262717d9" executionId="5f4ef299-99e3-4e0c-a528-7ac44b134325" testListId="8c84fa94-04c1-424b-9868-57a2d4851a1d" />
    <TestEntry testId="26d758ba-de7f-0b76-4fcd-079097942263" executionId="54f6a00f-71e8-4ff7-81d0-3b0bef8c6211" testListId="8c84fa94-04c1-424b-9868-57a2d4851a1d" />
    <TestEntry testId="9a96aa6c-132e-6b2b-ce93-d847c7f527d9" executionId="2da84a6b-58aa-438c-8a88-90e8216fbf41" testListId="8c84fa94-04c1-424b-9868-57a2d4851a1d" />
    <TestEntry testId="e3a48d95-4d3e-55b6-e25e-abc72cc0ae91" executionId="393fbca2-bc60-4d01-afd2-8b52b165e691" testListId="8c84fa94-04c1-424b-9868-57a2d4851a1d" />
  </TestEntries>
  <TestLists>
    <TestList name="Ergebnisse nicht in einer Liste" id="8c84fa94-04c1-424b-9868-57a2d4851a1d" />
    <TestList name="Alle geladenen Ergebnisse" id="19431567-8539-422a-85d7-44ee4e166bda" />
  </TestLists>
  <ResultSummary outcome="Failed">
    <Counters total="22" executed="22" passed="20" failed="2" error="0" timeout="0" aborted="0" inconclusive="0" passedButRunAborted="0" notRunnable="0" notExecuted="0" disconnected="0" warning="0" completed="0" inProgress="0" pending="0" />
    <Output>
      <StdOut>[xUnit.net 00:00:00.00] xUnit.net VSTest Adapter v2.8.2+699d445a1a (64-bit .NET 8.0.26)&#xD;
[xUnit.net 00:00:00.04]   Discovering: RagnaController.Tests&#xD;
[xUnit.net 00:00:00.06]   Discovered:  RagnaController.Tests&#xD;
[xUnit.net 00:00:00.06]   Starting:    RagnaController.Tests&#xD;
[xUnit.net 00:00:00.11]       Assert.False() Failure&#xD;
[xUnit.net 00:00:00.11]       Expected: False&#xD;
[xUnit.net 00:00:00.11]       Actual:   True&#xD;
[xUnit.net 00:00:00.11]       Stack Trace:&#xD;
[xUnit.net 00:00:00.11]         C:\Hermes\RagnaController\tests\RagnaController.Tests\SmartCursorServiceTests.cs(65,0): at RagnaController.Tests.SmartCursorServiceTests.Reset_ResetsState()&#xD;
[xUnit.net 00:00:00.11]            at System.RuntimeMethodHandle.InvokeMethod(Object target, Void** arguments, Signature sig, Boolean isConstructor)&#xD;
[xUnit.net 00:00:00.11]            at System.Reflection.MethodBaseInvoker.InvokeWithNoArgs(Object obj, BindingFlags invokeAttr)&#xD;
[xUnit.net 00:00:00.11]       System.NullReferenceException : Object reference not set to an instance of an object.&#xD;
[xUnit.net 00:00:00.11]       Stack Trace:&#xD;
[xUnit.net 00:00:00.11]         C:\Hermes\RagnaController\src\RagnaController\Core\InputCommandQueue.cs(80,0): at RagnaController.Core.InputCommandQueue.Enqueue(InputCmd cmd)&#xD;
[xUnit.net 00:00:00.11]         C:\Hermes\RagnaController\src\RagnaController\Core\InputCommandQueue.cs(101,0): at RagnaController.Core.InputCommandQueue.DoubleClick()&#xD;
[xUnit.net 00:00:00.11]         C:\Hermes\RagnaController\src\RagnaController\Core\SmartCursorService.cs(187,0): at RagnaController.Core.SmartCursorService.Tick(ParsedInput input)&#xD;
[xUnit.net 00:00:00.11]         C:\Hermes\RagnaController\tests\RagnaController.Tests\SmartCursorServiceTests.cs(81,0): at RagnaController.Tests.SmartCursorServiceTests.Tick_WithInput_ReturnsResult()&#xD;
[xUnit.net 00:00:00.11]            at System.RuntimeMethodHandle.InvokeMethod(Object target, Void** arguments, Signature sig, Boolean isConstructor)&#xD;
[xUnit.net 00:00:00.11]            at System.Reflection.MethodBaseInvoker.InvokeWithNoArgs(Object obj, BindingFlags invokeAttr)&#xD;
[xUnit.net 00:00:00.41]   Finished:    RagnaController.Tests&#xD;
</StdOut>
    </Output>
    <RunInfos>
      <RunInfo computerName="WIN-Q3H015K0TEJ" outcome="Error" timestamp="2026-08-17T00:30:20.2201388+02:00">
        <Text>[xUnit.net 00:00:00.11]     RagnaController.Tests.SmartCursorServiceTests.Reset_ResetsState [FAIL]</Text>
      </RunInfo>
      <RunInfo computerName="WIN-Q3H015K0TEJ" outcome="Error" timestamp="2026-08-17T00:30:20.2203764+02:00">
        <Text>[xUnit.net 00:00:00.11]     RagnaController.Tests.SmartCursorServiceTests.Tick_WithInput_ReturnsResult [FAIL]</Text>
      </RunInfo>
    </RunInfos>
  </ResultSummary>
</TestRun>